// Jest Snapshot v1, https://goo.gl/fbAQLP

exports[`Main is rendered correctly 1`] = `
<div
  className="cities__places-wrapper"
>
  <div
    className="cities__places-container container"
  >
    <section
      className="cities__places places"
    >
      <h2
        className="visually-hidden"
      >
        Places
      </h2>
      <b
        className="places__found"
      >
        3
         places to stay in 
        Amsterdam
      </b>
      <form
        action="#"
        className="places__sorting"
        method="get"
      >
        <span
          className="places__sorting-caption"
        >
          Sort by
        </span>
        <span
          className="places__sorting-type"
          onClick={[Function]}
          tabIndex="0"
        >
          Popular
          <svg
            className="places__sorting-arrow"
            height="4"
            width="7"
          >
            <use
              xlinkHref="#icon-arrow-select"
            />
          </svg>
        </span>
        <ul
          className="places__options places__options--custom "
          onClick={[Function]}
        >
          <li
            className="places__option"
            data-key="0"
            tabIndex="0"
          >
            Popular
          </li>
          <li
            className="places__option"
            data-key="1"
            tabIndex="0"
          >
            Price: low to high
          </li>
          <li
            className="places__option"
            data-key="2"
            tabIndex="0"
          >
            Price: high to low
          </li>
          <li
            className="places__option"
            data-key="3"
            tabIndex="0"
          >
            Top rated first
          </li>
        </ul>
      </form>
      <div
        className="cities__places-list places__list tabs__content"
      >
        <article
          className="cities__place-card place-card"
          style={
            Object {
              "opacity": "",
            }
          }
        >
          <div
            className="place-card__mark"
          >
            <span>
              Premium
            </span>
          </div>
          <div
            className="cities__image-wrapper place-card__image-wrapper"
          >
            <a
              href="#"
              onClick={[Function]}
            >
              <img
                alt="Place image"
                className="place-card__image"
                height="200"
                src="https://es31-server.appspot.com/six-cities/static/hotel/15.jpg"
                width="260"
              />
            </a>
          </div>
          <div
            className="place-card__info"
          >
            <div
              className="place-card__price-wrapper"
            >
              <div
                className="place-card__price"
              >
                <b
                  className="place-card__price-value"
                >
                  €
                  245
                </b>
                <span
                  className="place-card__price-text"
                >
                  / night
                </span>
              </div>
              <button
                className="place-card__bookmark-button button place-card__bookmark-button--active"
                type="button"
              >
                <svg
                  className="place-card__bookmark-icon"
                  height="19"
                  width="18"
                >
                  <use
                    xlinkHref="#icon-bookmark"
                  />
                </svg>
                <span
                  className="visually-hidden"
                >
                  In
                   bookmarks
                </span>
              </button>
            </div>
            <div
              className="place-card__rating rating"
            >
              <div
                className="place-card__stars rating__stars"
              >
                <span
                  style={
                    Object {
                      "width": "200%",
                    }
                  }
                />
                <span
                  className="visually-hidden"
                >
                  Rating
                </span>
              </div>
            </div>
            <h2
              className="place-card__name"
            >
              <a
                href="/offer/1"
                onClick={[Function]}
              >
                Amazing and Extremely Central Flat
              </a>
            </h2>
            <p
              className="place-card__type"
            >
              room
            </p>
          </div>
        </article>
        <article
          className="cities__place-card place-card"
          style={
            Object {
              "opacity": "",
            }
          }
        >
          <div
            className="place-card__mark"
          >
            <span>
              Premium
            </span>
          </div>
          <div
            className="cities__image-wrapper place-card__image-wrapper"
          >
            <a
              href="#"
              onClick={[Function]}
            >
              <img
                alt="Place image"
                className="place-card__image"
                height="200"
                src="https://es31-server.appspot.com/six-cities/static/hotel/9.jpg"
                width="260"
              />
            </a>
          </div>
          <div
            className="place-card__info"
          >
            <div
              className="place-card__price-wrapper"
            >
              <div
                className="place-card__price"
              >
                <b
                  className="place-card__price-value"
                >
                  €
                  115
                </b>
                <span
                  className="place-card__price-text"
                >
                  / night
                </span>
              </div>
              <button
                className="place-card__bookmark-button button "
                type="button"
              >
                <svg
                  className="place-card__bookmark-icon"
                  height="19"
                  width="18"
                >
                  <use
                    xlinkHref="#icon-bookmark"
                  />
                </svg>
                <span
                  className="visually-hidden"
                >
                  To
                   bookmarks
                </span>
              </button>
            </div>
            <div
              className="place-card__rating rating"
            >
              <div
                className="place-card__stars rating__stars"
              >
                <span
                  style={
                    Object {
                      "width": "220%",
                    }
                  }
                />
                <span
                  className="visually-hidden"
                >
                  Rating
                </span>
              </div>
            </div>
            <h2
              className="place-card__name"
            >
              <a
                href="/offer/2"
                onClick={[Function]}
              >
                The Joshua Tree House
              </a>
            </h2>
            <p
              className="place-card__type"
            >
              apartment
            </p>
          </div>
        </article>
        <article
          className="cities__place-card place-card"
          style={
            Object {
              "opacity": "",
            }
          }
        >
          <div
            className="cities__image-wrapper place-card__image-wrapper"
          >
            <a
              href="#"
              onClick={[Function]}
            >
              <img
                alt="Place image"
                className="place-card__image"
                height="200"
                src="https://es31-server.appspot.com/six-cities/static/hotel/3.jpg"
                width="260"
              />
            </a>
          </div>
          <div
            className="place-card__info"
          >
            <div
              className="place-card__price-wrapper"
            >
              <div
                className="place-card__price"
              >
                <b
                  className="place-card__price-value"
                >
                  €
                  199
                </b>
                <span
                  className="place-card__price-text"
                >
                  / night
                </span>
              </div>
              <button
                className="place-card__bookmark-button button place-card__bookmark-button--active"
                type="button"
              >
                <svg
                  className="place-card__bookmark-icon"
                  height="19"
                  width="18"
                >
                  <use
                    xlinkHref="#icon-bookmark"
                  />
                </svg>
                <span
                  className="visually-hidden"
                >
                  In
                   bookmarks
                </span>
              </button>
            </div>
            <div
              className="place-card__rating rating"
            >
              <div
                className="place-card__stars rating__stars"
              >
                <span
                  style={
                    Object {
                      "width": "160%",
                    }
                  }
                />
                <span
                  className="visually-hidden"
                >
                  Rating
                </span>
              </div>
            </div>
            <h2
              className="place-card__name"
            >
              <a
                href="/offer/3"
                onClick={[Function]}
              >
                Waterfront with extraordinary view
              </a>
            </h2>
            <p
              className="place-card__type"
            >
              house
            </p>
          </div>
        </article>
      </div>
    </section>
    <div
      className="cities__right-section"
    >
      <section
        className="cities__map map"
      />
    </div>
  </div>
</div>
`;
