// Jest Snapshot v1, https://goo.gl/fbAQLP

exports[`Offer is rendered correctly 1`] = `
<article
  className="cities__place-card place-card"
  style={
    Object {
      "opacity": "",
    }
  }
>
  <div
    className="place-card__mark"
  >
    <span>
      Premium
    </span>
  </div>
  <div
    className="cities__image-wrapper place-card__image-wrapper"
  >
    <a
      href="#"
      onClick={[Function]}
    >
      <img
        alt="Place image"
        className="place-card__image"
        height="200"
        src="https://es31-server.appspot.com/six-cities/static/hotel/15.jpg"
        width="260"
      />
    </a>
  </div>
  <div
    className="place-card__info"
  >
    <div
      className="place-card__price-wrapper"
    >
      <div
        className="place-card__price"
      >
        <b
          className="place-card__price-value"
        >
          €
          245
        </b>
        <span
          className="place-card__price-text"
        >
          / night
        </span>
      </div>
      <button
        className="place-card__bookmark-button button place-card__bookmark-button--active"
        type="button"
      >
        <svg
          className="place-card__bookmark-icon"
          height="19"
          width="18"
        >
          <use
            xlinkHref="#icon-bookmark"
          />
        </svg>
        <span
          className="visually-hidden"
        >
          In
           bookmarks
        </span>
      </button>
    </div>
    <div
      className="place-card__rating rating"
    >
      <div
        className="place-card__stars rating__stars"
      >
        <span
          style={
            Object {
              "width": "93%",
            }
          }
        />
        <span
          className="visually-hidden"
        >
          Rating
        </span>
      </div>
    </div>
    <h2
      className="place-card__name"
    >
      <a
        href="/offer/1"
        onClick={[Function]}
      >
        Amazing and Extremely Central Flat
      </a>
    </h2>
    <p
      className="place-card__type"
    >
      room
    </p>
  </div>
</article>
`;
