// Jest Snapshot v1, https://goo.gl/fbAQLP

exports[`PlacesSorting is rendered correctly 1`] = `
<form
  action="#"
  className="places__sorting"
  method="get"
>
  <span
    className="places__sorting-caption"
  >
    Sort by
  </span>
  <span
    className="places__sorting-type"
    onClick={[Function]}
    tabIndex="0"
  >
    to Top
    <svg
      className="places__sorting-arrow"
      height="4"
      width="7"
    >
      <use
        xlinkHref="#icon-arrow-select"
      />
    </svg>
  </span>
  <ul
    className="places__options places__options--custom "
    onClick={[Function]}
  >
    <li
      className="places__option"
      data-key="0"
      tabIndex="0"
    >
      Popular
    </li>
    <li
      className="places__option"
      data-key="1"
      tabIndex="0"
    >
      Price: low to high
    </li>
    <li
      className="places__option"
      data-key="2"
      tabIndex="0"
    >
      Price: high to low
    </li>
    <li
      className="places__option"
      data-key="3"
      tabIndex="0"
    >
      Top rated first
    </li>
  </ul>
</form>
`;
